{"params":{"pass_threshold":0.99,"expected_error_rate":0.01,"equivalent_calls_probability":{"rs6557634":0.40625,"rs6759892":0.40625,"GS35220":0.40625,"rs753381":0.40625,"rs7627615":0.40625,"rs6166":0.40625,"rs1805034":0.40625,"rs8065080":0.40625,"rs4075254":0.40625,"rs4925":0.40625,"rs1805087":0.40625,"rs1131498":0.40625,"rs532841":0.40625,"rs2286963":0.40625,"rs2247870":0.40625,"rs649058":0.40625,"rs2241714":0.40625,"rs3742207":0.40625,"GS34251":0.40625,"rs3795677":0.40625,"GS35205":0.40625,"rs7298565":0.40625,"rs1801262":0.40625,"GS35219":0.40625,"rs5215":0.40625,"rs4619":0.40625,"rs4843075":0.40625,"rs12828016":0.40625,"rs156697":0.40625,"rs11096957":0.40625},"consensus_ecp":0.40625,"sample_mismatch_prior":0.01,"swap_threshold":0.5},"summary":{"missing":3,"assayed_pass_rate":"0.6667","total":6,"failed":1},"identity":[{"concordance":"1.0000","identity":"1.0000","missing":0,"sample_name":"urn:wtsi:249441_F11_HELIC5102138","genotypes":{"rs6557634":{"qc":[["CT","1","callset_bar"]],"production":["CT","1","_unknown_callset_"]},"rs6759892":{"qc":[["GT","1","callset_bar"]],"production":["GT","1","_unknown_callset_"]},"rs753381":{"qc":[["AG","1","callset_bar"]],"production":["AG","1","_unknown_callset_"]},"rs7627615":{"qc":[["GA","1","callset_bar"]],"production":["AG","1","_unknown_callset_"]},"rs6166":{"qc":[["AG","1","callset_foo"]],"production":["AG","1","_unknown_callset_"]},"rs8065080":{"qc":[["CT","1","callset_bar"]],"production":["CT","1","_unknown_callset_"]},"rs4075254":{"qc":[["CT","1","callset_bar"]],"production":["CT","1","_unknown_callset_"]},"rs4925":{"qc":[["AC","1","callset_bar"]],"production":["AC","1","_unknown_callset_"]},"rs1805087":{"qc":[["AG","1","callset_foo"]],"production":["AG","1","_unknown_callset_"]},"rs532841":{"qc":[["CT","1","callset_bar"]],"production":["CT","1","_unknown_callset_"]},"rs2286963":{"qc":[["GT","1","callset_bar"]],"production":["GT","1","_unknown_callset_"]},"rs2247870":{"qc":[["CT","1","callset_bar"]],"production":["CT","1","_unknown_callset_"]},"rs649058":{"qc":[["AG","1","callset_foo"]],"production":["AG","1","_unknown_callset_"]},"rs2241714":{"qc":[["CT","1","callset_bar"]],"production":["AG","1","_unknown_callset_"]},"rs3742207":{"qc":[["AC","1","callset_bar"]],"production":["AC","1","_unknown_callset_"]},"rs3795677":{"qc":[["AG","1","callset_foo"]],"production":["AG","1","_unknown_callset_"]},"rs7298565":{"qc":[["AG","1","callset_bar"]],"production":["AG","1","_unknown_callset_"]},"rs5215":{"qc":[["CT","1","callset_bar"]],"production":["CT","1","_unknown_callset_"]},"rs4619":{"qc":[["AG","1","callset_bar"]],"production":["AG","1","_unknown_callset_"]},"rs4843075":{"qc":[["AG","1","callset_bar"]],"production":["AG","1","_unknown_callset_"]}},"failed":0},{"concordance":"0.0000","identity":"0.0000","missing":0,"sample_name":"urn:wtsi:249442_C09_HELIC5102247","genotypes":{"rs6557634":{"qc":[["TT","1","callset_bar"]],"production":["CT","1","_unknown_callset_"]},"rs6759892":{"qc":[["TT","1","callset_bar"]],"production":["GT","1","_unknown_callset_"]},"rs753381":{"qc":[["GG","1","callset_bar"]],"production":["AG","1","_unknown_callset_"]},"rs7627615":{"qc":[["GG","1","callset_bar"]],"production":["AG","1","_unknown_callset_"]},"rs6166":{"qc":[["GG","1","callset_foo"]],"production":["AG","1","_unknown_callset_"]},"rs8065080":{"qc":[["TT","1","callset_bar"]],"production":["CT","1","_unknown_callset_"]},"rs4075254":{"qc":[["TT","1","callset_bar"]],"production":["CT","1","_unknown_callset_"]},"rs4925":{"qc":[["CC","1","callset_bar"]],"production":["AC","1","_unknown_callset_"]},"rs1805087":{"qc":[["GG","1","callset_foo"]],"production":["AG","1","_unknown_callset_"]},"rs532841":{"qc":[["TT","1","callset_bar"]],"production":["CT","1","_unknown_callset_"]},"rs2286963":{"qc":[["TT","1","callset_bar"]],"production":["GT","1","_unknown_callset_"]},"rs2247870":{"qc":[["TT","1","callset_bar"]],"production":["CT","1","_unknown_callset_"]},"rs649058":{"qc":[["GG","1","callset_foo"]],"production":["AG","1","_unknown_callset_"]},"rs2241714":{"qc":[["TT","1","callset_bar"]],"production":["AG","1","_unknown_callset_"]},"rs3742207":{"qc":[["CC","1","callset_bar"]],"production":["AC","1","_unknown_callset_"]},"rs3795677":{"qc":[["GG","1","callset_foo"]],"production":["AG","1","_unknown_callset_"]},"rs7298565":{"qc":[["GG","1","callset_bar"]],"production":["AG","1","_unknown_callset_"]},"rs5215":{"qc":[["TT","1","callset_bar"]],"production":["CT","1","_unknown_callset_"]},"rs4619":{"qc":[["GG","1","callset_bar"]],"production":["AG","1","_unknown_callset_"]},"rs4843075":{"qc":[["GG","1","callset_bar"]],"production":["AG","1","_unknown_callset_"]}},"failed":1},{"concordance":"1.0000","identity":"1.0000","missing":0,"sample_name":"urn:wtsi:249461_G12_HELIC5215300","genotypes":{"rs6557634":{"qc":[["CT","1","callset_bar"]],"production":["CT","1","_unknown_callset_"]},"rs6759892":{"qc":[["GT","1","callset_bar"]],"production":["GT","1","_unknown_callset_"]},"rs753381":{"qc":[["AG","1","callset_bar"]],"production":["AG","1","_unknown_callset_"]},"rs7627615":{"qc":[["GA","1","callset_bar"]],"production":["AG","1","_unknown_callset_"]},"rs6166":{"qc":[["GA","1","callset_foo"]],"production":["AG","1","_unknown_callset_"]},"rs8065080":{"qc":[["CT","1","callset_bar"]],"production":["CT","1","_unknown_callset_"]},"rs4075254":{"qc":[["CT","1","callset_bar"]],"production":["NN","0","_unknown_callset_"]},"rs4925":{"qc":[["AA","1","callset_bar"]],"production":["NN","0","_unknown_callset_"]},"rs1805087":{"qc":[["AA","1","callset_foo"]],"production":["NN","0","_unknown_callset_"]},"rs532841":{"qc":[["CT","1","callset_bar"]],"production":["CT","1","_unknown_callset_"]},"rs2286963":{"qc":[["GT","1","callset_bar"]],"production":["NN","0","_unknown_callset_"]},"rs2247870":{"qc":[["TT","1","callset_bar"]],"production":["NN","0","_unknown_callset_"]},"rs649058":{"qc":[["GA","1","callset_foo"]],"production":["AG","1","_unknown_callset_"]},"rs2241714":{"qc":[["GA","1","callset_bar"]],"production":["NN","0","_unknown_callset_"]},"rs3742207":{"qc":[["AC","1","callset_bar"]],"production":["NN","0","_unknown_callset_"]},"rs3795677":{"qc":[["TT","1","callset_foo"]],"production":["NN","0","_unknown_callset_"]},"rs7298565":{"qc":[["GA","1","callset_bar"]],"production":["AG","1","_unknown_callset_"]},"rs5215":{"qc":[["CT","1","callset_bar"]],"production":["CT","1","_unknown_callset_"]},"rs4619":{"qc":[["AG","1","callset_bar"]],"production":["NN","0","_unknown_callset_"]},"rs4843075":{"qc":[["GA","1","callset_bar"]],"production":["NN","0","_unknown_callset_"]}},"failed":0},{"concordance":"0.0000","identity":"0.0000","missing":1,"sample_name":"urn:wtsi:000000_A00_DUMMY-SAMPLE","genotypes":{"rs6557634":{"qc":[],"production":["NN","0","_unknown_callset_"]},"rs6759892":{"qc":[],"production":["NN","0","_unknown_callset_"]},"rs753381":{"qc":[],"production":["NN","0","_unknown_callset_"]},"rs7627615":{"qc":[],"production":["NN","0","_unknown_callset_"]},"rs6166":{"qc":[],"production":["NN","0","_unknown_callset_"]},"rs8065080":{"qc":[],"production":["NN","0","_unknown_callset_"]},"rs4075254":{"qc":[],"production":["NN","0","_unknown_callset_"]},"rs4925":{"qc":[],"production":["NN","0","_unknown_callset_"]},"rs1805087":{"qc":[],"production":["NN","0","_unknown_callset_"]},"rs532841":{"qc":[],"production":["NN","0","_unknown_callset_"]},"rs2286963":{"qc":[],"production":["NN","0","_unknown_callset_"]},"rs2247870":{"qc":[],"production":["NN","0","_unknown_callset_"]},"rs649058":{"qc":[],"production":["NN","0","_unknown_callset_"]},"rs2241714":{"qc":[],"production":["NN","0","_unknown_callset_"]},"rs3742207":{"qc":[],"production":["NN","0","_unknown_callset_"]},"rs3795677":{"qc":[],"production":["NN","0","_unknown_callset_"]},"rs7298565":{"qc":[],"production":["NN","0","_unknown_callset_"]},"rs5215":{"qc":[],"production":["NN","0","_unknown_callset_"]},"rs4619":{"qc":[],"production":["NN","0","_unknown_callset_"]},"rs4843075":{"qc":[],"production":["NN","0","_unknown_callset_"]}},"failed":null},{"concordance":"0.0000","identity":"0.0000","missing":1,"sample_name":"urn:wtsi:249469_H06_HELIC5274668","genotypes":{"rs6557634":{"qc":[],"production":["CT","1","_unknown_callset_"]},"rs6759892":{"qc":[],"production":["GT","1","_unknown_callset_"]},"rs753381":{"qc":[],"production":["AG","1","_unknown_callset_"]},"rs7627615":{"qc":[],"production":["AG","1","_unknown_callset_"]},"rs6166":{"qc":[],"production":["AG","1","_unknown_callset_"]},"rs8065080":{"qc":[],"production":["CT","1","_unknown_callset_"]},"rs4075254":{"qc":[],"production":["CT","1","_unknown_callset_"]},"rs4925":{"qc":[],"production":["AC","1","_unknown_callset_"]},"rs1805087":{"qc":[],"production":["AG","1","_unknown_callset_"]},"rs532841":{"qc":[],"production":["CT","1","_unknown_callset_"]},"rs2286963":{"qc":[],"production":["GT","1","_unknown_callset_"]},"rs2247870":{"qc":[],"production":["CT","1","_unknown_callset_"]},"rs649058":{"qc":[],"production":["AG","1","_unknown_callset_"]},"rs2241714":{"qc":[],"production":["AG","1","_unknown_callset_"]},"rs3742207":{"qc":[],"production":["AC","1","_unknown_callset_"]},"rs3795677":{"qc":[],"production":["AG","1","_unknown_callset_"]},"rs7298565":{"qc":[],"production":["AG","1","_unknown_callset_"]},"rs5215":{"qc":[],"production":["CT","1","_unknown_callset_"]},"rs4619":{"qc":[],"production":["AG","1","_unknown_callset_"]},"rs4843075":{"qc":[],"production":["AG","1","_unknown_callset_"]}},"failed":null},{"concordance":"0.0000","identity":"0.0000","missing":1,"sample_name":"urn:wtsi:249470_F02_HELIC5274730","genotypes":{"rs6557634":{"qc":[],"production":["CT","1","_unknown_callset_"]},"rs6759892":{"qc":[],"production":["GT","1","_unknown_callset_"]},"rs753381":{"qc":[],"production":["AG","1","_unknown_callset_"]},"rs7627615":{"qc":[],"production":["AG","1","_unknown_callset_"]},"rs6166":{"qc":[],"production":["AG","1","_unknown_callset_"]},"rs8065080":{"qc":[],"production":["CT","1","_unknown_callset_"]},"rs4075254":{"qc":[],"production":["CT","1","_unknown_callset_"]},"rs4925":{"qc":[],"production":["AC","1","_unknown_callset_"]},"rs1805087":{"qc":[],"production":["AG","1","_unknown_callset_"]},"rs532841":{"qc":[],"production":["CT","1","_unknown_callset_"]},"rs2286963":{"qc":[],"production":["GT","1","_unknown_callset_"]},"rs2247870":{"qc":[],"production":["CT","1","_unknown_callset_"]},"rs649058":{"qc":[],"production":["AG","1","_unknown_callset_"]},"rs2241714":{"qc":[],"production":["AG","1","_unknown_callset_"]},"rs3742207":{"qc":[],"production":["AC","1","_unknown_callset_"]},"rs3795677":{"qc":[],"production":["AG","1","_unknown_callset_"]},"rs7298565":{"qc":[],"production":["AG","1","_unknown_callset_"]},"rs5215":{"qc":[],"production":["CT","1","_unknown_callset_"]},"rs4619":{"qc":[],"production":["AG","1","_unknown_callset_"]},"rs4843075":{"qc":[],"production":["AG","1","_unknown_callset_"]}},"failed":null}],"swap":{"comparison":[],"sample_warnings":{},"total_samples_checked":1,"prior":0,"total_sample_warnings":0}}